// Jest Snapshot v1, https://goo.gl/fbAQLP

exports[`should render match to snapshot 1`] = `
<div>
  <div
    class="flex items-center"
  >
    <div
      class="border-b border-gray-300 w-full"
    />
    <div
      class="px-2"
    >
      Test
    </div>
    <div
      class="border-b border-gray-300 w-full"
    />
  </div>
</div>
`;
