// Jest Snapshot v1, https://goo.gl/fbAQLP

exports[`Input should render match to snapshot 1`] = `
<div>
  <div
    class="mb-3"
  >
    <label
      class="font-bold leading-2-xs capitalize"
      for="input-id"
    >
      Label
    </label>
    <div
      class="relative"
    >
      <input
        class="w-full mt-1.5 outline-none p-3 focus:border-primary h-11 border border-gray-400 rounded-md"
        id="input-id"
        name="input-name"
        placeholder="Enter text"
        type="text"
        value="test value"
      />
      <div
        class="flex items-center justify-center cursor-pointer text-gray-400 h-10 w-10 rounded-full hover:text-dark hover:bg-tertiary absolute top-2 right-2"
      >
        <svg
          aria-hidden="true"
          class="svg-inline--fa fa-pen "
          data-icon="pen"
          data-prefix="fas"
          focusable="false"
          role="img"
          viewBox="0 0 512 512"
          xmlns="http://www.w3.org/2000/svg"
        >
          <path
            d="M362.7 19.3L314.3 67.7 444.3 197.7l48.4-48.4c25-25 25-65.5 0-90.5L453.3 19.3c-25-25-65.5-25-90.5 0zm-71 71L58.6 323.5c-10.4 10.4-18 23.3-22.2 37.4L1 481.2C-1.5 489.7 .8 498.8 7 505s15.3 8.5 23.7 6.1l120.3-35.4c14.1-4.2 27-11.8 37.4-22.2L421.7 220.3 291.7 90.3z"
            fill="currentColor"
          />
        </svg>
      </div>
    </div>
  </div>
</div>
`;
