// Jest Snapshot v1, https://goo.gl/fbAQLP

exports[`SignUp Component should render match to snapshot 1`] = `
<div>
  <div
    class="h-screen flex bg-auth bg-no-repeat bg-cover overflow-hidden"
  >
    <div
      class="w-form m-auto bg-tertiary p-8 rounded-2xl"
    >
      <img
        alt="Logo"
        class="block my-0 mx-auto w-32 "
        src="assets/images/chat-app-logo.png"
      />
      <p
        class="mt-4 text-center text-primary font-semibold text-xl"
      >
        Registration
      </p>
      <form
        class="mt-11"
      >
        <div
          class="mb-3"
        >
          <label
            class="font-bold leading-2-xs capitalize"
            for="name"
          >
            Name
          </label>
          <div
            class="relative"
          >
            <input
              class="w-full mt-1.5 outline-none p-3 focus:border-primary h-11 border border-gray-400 rounded-md"
              id="name"
              placeholder="Username"
              type="text"
              value=""
            />
          </div>
          <span
            class="text-red-500 mr-1 visible text-xs"
          >
            Name is required
          </span>
        </div>
        <div
          class="mb-3"
        >
          <label
            class="font-bold leading-2-xs capitalize"
            for="email"
          >
            Email
          </label>
          <div
            class="relative"
          >
            <input
              class="w-full mt-1.5 outline-none p-3 focus:border-primary h-11 border border-gray-400 rounded-md"
              id="email"
              placeholder="username@mail.com"
              type="email"
              value=""
            />
          </div>
          <span
            class="text-red-500 mr-1 visible text-xs"
          >
            Email is required
          </span>
        </div>
        <div
          class="mb-3"
        >
          <label
            class="font-bold leading-2-xs capitalize"
            for="password"
          >
            Password
          </label>
          <div
            class="relative"
          >
            <input
              class="w-full mt-1.5 outline-none p-3 focus:border-primary h-11 border border-gray-400 rounded-md"
              id="password"
              placeholder="•••••••••••••"
              type="password"
              value=""
            />
            <div
              class="flex items-center justify-center cursor-pointer text-gray-400 h-10 w-10 rounded-full hover:text-dark hover:bg-tertiary absolute top-2 right-2"
            >
              <svg
                aria-hidden="true"
                class="svg-inline--fa fa-eye-slash "
                data-icon="eye-slash"
                data-prefix="fas"
                focusable="false"
                role="img"
                viewBox="0 0 640 512"
                xmlns="http://www.w3.org/2000/svg"
              >
                <path
                  d="M38.8 5.1C28.4-3.1 13.3-1.2 5.1 9.2S-1.2 34.7 9.2 42.9l592 464c10.4 8.2 25.5 6.3 33.7-4.1s6.3-25.5-4.1-33.7L525.6 386.7c39.6-40.6 66.4-86.1 79.9-118.4c3.3-7.9 3.3-16.7 0-24.6c-14.9-35.7-46.2-87.7-93-131.1C465.5 68.8 400.8 32 320 32c-68.2 0-125 26.3-169.3 60.8L38.8 5.1zM223.1 149.5C248.6 126.2 282.7 112 320 112c79.5 0 144 64.5 144 144c0 24.9-6.3 48.3-17.4 68.7L408 294.5c8.4-19.3 10.6-41.4 4.8-63.3c-11.1-41.5-47.8-69.4-88.6-71.1c-5.8-.2-9.2 6.1-7.4 11.7c2.1 6.4 3.3 13.2 3.3 20.3c0 10.2-2.4 19.8-6.6 28.3l-90.3-70.8zM373 389.9c-16.4 6.5-34.3 10.1-53 10.1c-79.5 0-144-64.5-144-144c0-6.9 .5-13.6 1.4-20.2L83.1 161.5C60.3 191.2 44 220.8 34.5 243.7c-3.3 7.9-3.3 16.7 0 24.6c14.9 35.7 46.2 87.7 93 131.1C174.5 443.2 239.2 480 320 480c47.8 0 89.9-12.9 126.2-32.5L373 389.9z"
                  fill="currentColor"
                />
              </svg>
            </div>
          </div>
          <span
            class="text-red-500 mr-1 visible text-xs"
          >
            Password is required
          </span>
        </div>
        <div
          class="mb-3"
        >
          <label
            class="font-bold leading-2-xs capitalize"
            for="confirm"
          >
            Confirm Password
          </label>
          <div
            class="relative"
          >
            <input
              class="w-full mt-1.5 outline-none p-3 focus:border-primary h-11 border border-gray-400 rounded-md"
              id="confirm"
              placeholder="•••••••••••••"
              type="password"
              value=""
            />
            <div
              class="flex items-center justify-center cursor-pointer text-gray-400 h-10 w-10 rounded-full hover:text-dark hover:bg-tertiary absolute top-2 right-2"
            >
              <svg
                aria-hidden="true"
                class="svg-inline--fa fa-eye-slash "
                data-icon="eye-slash"
                data-prefix="fas"
                focusable="false"
                role="img"
                viewBox="0 0 640 512"
                xmlns="http://www.w3.org/2000/svg"
              >
                <path
                  d="M38.8 5.1C28.4-3.1 13.3-1.2 5.1 9.2S-1.2 34.7 9.2 42.9l592 464c10.4 8.2 25.5 6.3 33.7-4.1s6.3-25.5-4.1-33.7L525.6 386.7c39.6-40.6 66.4-86.1 79.9-118.4c3.3-7.9 3.3-16.7 0-24.6c-14.9-35.7-46.2-87.7-93-131.1C465.5 68.8 400.8 32 320 32c-68.2 0-125 26.3-169.3 60.8L38.8 5.1zM223.1 149.5C248.6 126.2 282.7 112 320 112c79.5 0 144 64.5 144 144c0 24.9-6.3 48.3-17.4 68.7L408 294.5c8.4-19.3 10.6-41.4 4.8-63.3c-11.1-41.5-47.8-69.4-88.6-71.1c-5.8-.2-9.2 6.1-7.4 11.7c2.1 6.4 3.3 13.2 3.3 20.3c0 10.2-2.4 19.8-6.6 28.3l-90.3-70.8zM373 389.9c-16.4 6.5-34.3 10.1-53 10.1c-79.5 0-144-64.5-144-144c0-6.9 .5-13.6 1.4-20.2L83.1 161.5C60.3 191.2 44 220.8 34.5 243.7c-3.3 7.9-3.3 16.7 0 24.6c14.9 35.7 46.2 87.7 93 131.1C174.5 443.2 239.2 480 320 480c47.8 0 89.9-12.9 126.2-32.5L373 389.9z"
                  fill="currentColor"
                />
              </svg>
            </div>
          </div>
          <span
            class="text-red-500 mr-1 visible text-xs"
          >
            Confirm is required
          </span>
        </div>
        <div
          class="mt-8"
        >
          <button
            class="font-semibold hover:brightness-90 w-full h-10 bg-primary text-white"
          >
            Register
          </button>
          <p
            class="text-sm mt-10"
          >
            Already a user?
             
            <span
              class="text-dark underline cursor-pointer"
            >
              Login now
            </span>
          </p>
        </div>
      </form>
    </div>
  </div>
</div>
`;
